// Jest Snapshot v1, https://goo.gl/fbAQLP

exports[`FilmList renders correctly 1`] = `
<article
  className="small-movie-card catalog__movies-card"
  genre="family"
  onMouseEnter={[Function]}
  onMouseLeave={[Function]}
>
  <div>
    <button
      className="small-movie-card__play-btn"
      disabled={true}
      onClick={[Function]}
      type="button"
    >
      Play
    </button>
    <div
      className="small-movie-card__image"
    >
      <video
        alt="Fantastic Beasts: The Crimes of Grindelwald"
        height="175"
        muted={true}
        poster="img/fantastic-beasts-the-crimes-of-grindelwald.jpg"
        width="280"
      >
        <source
          src="movie-page.html"
          type="video/mp4"
        />
      </video>
    </div>
  </div>
  <h3
    className="small-movie-card__title"
  >
    <a
      className="small-movie-card__link"
      href="movie-page.html"
    >
      Fantastic Beasts: The Crimes of Grindelwald
    </a>
  </h3>
</article>
`;
